// Jest Snapshot v1, https://goo.gl/fbAQLP

exports[`expect home component to match snapshot 1`] = `
<div
  className="calc-container"
  role="Calculate"
>
  <div
    className="calc-text"
  >
    <h2>
      Let's Do Some Maths
    </h2>
  </div>
  <div
    className="calculator"
  >
    <div
      className="result"
    >
      <span>
        0
         
         
      </span>
    </div>
    <div
      className="num"
    >
      <button
        onClick={[Function]}
        type="button"
      >
        AC
      </button>
      <button
        onClick={[Function]}
        type="button"
      >
        +/-
      </button>
      <button
        onClick={[Function]}
        type="button"
      >
        %
      </button>
      <button
        className="act"
        onClick={[Function]}
        type="button"
      >
        รท
      </button>
    </div>
    <div
      className="num"
    >
      <button
        onClick={[Function]}
        type="button"
      >
        7
      </button>
      <button
        onClick={[Function]}
        type="button"
      >
        8
      </button>
      <button
        onClick={[Function]}
        type="button"
      >
        9
      </button>
      <button
        className="act"
        onClick={[Function]}
        type="button"
      >
        x
      </button>
    </div>
    <div
      className="num"
    >
      <button
        onClick={[Function]}
        type="button"
      >
        6
      </button>
      <button
        onClick={[Function]}
        type="button"
      >
        5
      </button>
      <button
        onClick={[Function]}
        type="button"
      >
        4
      </button>
      <button
        className="act"
        onClick={[Function]}
        type="button"
      >
        -
      </button>
    </div>
    <div
      className="num"
    >
      <button
        onClick={[Function]}
        type="button"
      >
        3
      </button>
      <button
        onClick={[Function]}
        type="button"
      >
        2
      </button>
      <button
        onClick={[Function]}
        type="button"
      >
        1
      </button>
      <button
        className="act"
        onClick={[Function]}
        type="button"
      >
        +
      </button>
    </div>
    <div
      className="zero"
    >
      <button
        className="o"
        onClick={[Function]}
        type="button"
      >
        0
      </button>
      <button
        className="zb"
        onClick={[Function]}
        type="button"
      >
        .
      </button>
      <button
        className="zb act"
        onClick={[Function]}
        type="button"
      >
        =
      </button>
    </div>
  </div>
</div>
`;
