// Jest Snapshot v1, https://goo.gl/fbAQLP

exports[`expect home component to match snapshot 1`] = `
<div
  className="homepage"
>
  <h2>
     Welcome to our Home page! 
  </h2>
  <p>
    Lorem ipsum dolor sit amet, consectetur adipiscing elit. Nam sed vestibulum erat. Nulla sagittis massa at egestas facilisis. Quisque tincidunt interdum vulputate. Sed orci orci, viverra vel tincidunt vel, consectetur eget tortor. Integer pellentesque eros vel ex maximus, quis aliquet nisl tristique. Nulla lobortis sem a placerat maximus. Duis suscipit purus at nunc bibendum, et finibus quam tempor. Donec sed magna suscipit, bibendum nisi faucibus, dictum erat. Aenean varius eros vitae arcu tempus lobortis. Ut et nisl eget purus ornare tincidunt. Aliquam erat volutpat. Suspendisse vitae finibus odio. Suspendisse aliquam risus massa, vel vulputate mauris tempus a.
  </p>
</div>
`;
