// Jest Snapshot v1, https://goo.gl/fbAQLP

exports[`expect home component to match snapshot 1`] = `
<p
  className="quotes"
>
  Mathematics is not about numbers, equations, computations, or algorithms: it is about understanding. -William Paul Thurston
</p>
`;
